0000
00000
000000
00000000
0007
007
007007
010203
012345
0123456
0123456789
0852
098765
0987654321
1
101010
102030
1022
10sne1
11
1111
11111
111111
11111111
112233
11235813
1212
121212
1213
1214
1225
123
123123
123123123
123321
1234
12345
123456
1234567
12345678
123456789
1234567890
12345678910
123456a
1234qwer
123654
123789
123abc
123go
123qwe
1313
131313
1316
1332
13579
1412
141414
1430
147258
147258369
147852
147852369
151515
159357
159753
1701d
171717
1818
181818
1911
1928
1948
1950
1952
1953
1955
1956
1960
1964
1969
1973
1975
1977
1978
1990
1991
1996
1998
1a2b3c
1chris
1kitty
1q2w3e
1q2w3e4r
1qaz2wsx
1qw23e
20
2000
2001
2006
2010
2011
2020
202020
2112
21122112
212121
22
2200
2222
222222
2252
232323
242424
246810
252525
2580
2kids
3010
3112
3141
333
333333
3533
3546
369
3bears
4055
4444
444444
456123
456789
4788
4854
4runner
5050
50cent
5201314
5252
54321
5555
55555
555555
5683
57chevy
6262
6301
654321
666666
6969
696969
741852
741852963
777
7777
777777
7777777
789456
789456123
7dwarfs
8675309
87654321
888888
88888888
90210
911
987654
987654321
999999
99999999
999999999
ABC123
Abcdef
Alexis
Alpha
Andrew
Animals
Anthony
Ariel
Asdfgh
Bailey
Bastard
Beavis
Bismillah
Bond007
Bonzo
Booboo
Boston
Broadway
Cardinal
Carol
Celtics
Champs
ChangeMe
Changeme
Charlie
Chris
Computer
Cougar
Creative
Curtis
Daniel
Darkman
Denise
Designer
Dragon
Eagles
Elizabeth
Esther
Family
Figaro
Fisher
Fishing
For
Fortune
Freddy
Friday
Friends
Front242
FuckYou
Fuckyou
Gandalf
Geronimo
Gizmo
Golden
Goober
Gretel
HARLEY
Hacker
Hammer
Harley
Heather
Hello
Hendrix
Henry
Hershey
Homer
Internet
It
Jackson
Janet
Jeanne
Jennifer
Jersey
Jessica
Joanna
Johnson
Jordan
Joshua
KILLER
Katie
Killer
Kitten
Knight
Last
Liberty
Lindsay
Lizard
Madeline
Margaret
Master
Matthew
Maxwell
Mellon
Merlot
Metallic
Michael
Michel
Michel1
Michelle
Monday
Money
Monster
Montreal
N
NCC1701
Newton
Nicholas
Noriko
OU812
October
Openwall
PASSWORD
Paladin
Pamela
Password
Peaches
Peanuts
Pentium
Pepper
Peter
Phoenix
Piglet
Pookie
Princess
Project
Purple
Qwert
Qwerty
Rabbit
Raiders
Raistlin
Random
Rebecca
Robert
Russell
Sammy
Saturn
Service
Shadow
Sidekick
Sierra
Skeeter
Smokey
Snoopy
Solar
Sparky
Speedy
Sterling
Steven
Summer
Sunshine
Superman
Sverige
Swoosh
Taurus
Taylor
Tennis
Theresa
This
Thomas
Thunder
Tigger
Tuesday
Unix
Vernon
Victoria
Vincent
Waterloo
Webster
Willow
Windows
Winnie
Wolverine
Woodrow
Zxcvbnm
a
a12345
a123456
a1b2c3
a1b2c3d4
aa
aaa
aaaa
aaaaaa
aaliyah
aardvark
aaron
abacab
abbott
abby
abc
abc123
abcd
abcd123
abcd1234
abcde
abcdef
abcdefg
abigail
absolut
access
accord
account
ace
acropolis
action
active
acura
adam
adi
adidas
admin
admin1
adrian
adriana
adrock
aerobics
africa
agent
airborne
airwolf
aki123
alaska
albert
alberto
alejandra
alejandro
alex
alex1
alexander
alexandr
alexandra
alexis
alfaro
alfred
alfredo
ali
alice
alice1
alicia
alien
aliens
alina
aline
alison
allegro
allen
allison
allo
allstate
aloha
alpha
alpha1
alpine
also
altamira
althea
altima
altima1
alyssa
amanda
amanda1
amazing
amber
amelia
amelie
america
amigas
amigos
amistad
amorcito
amores
amour
amy
anaconda
anamaria
anders
anderson
andre
andre1
andrea
andrea1
andreea
andrei
andres
andrew
andrew1
andromeda
andy
angel
angel1
angela
angeles
angelica
angelina
angelito
angelo
angels
angie
angie1
angus
animal
anita
ann
anna
anne
anneli
annette
annie
antares
anthony
anthony1
antonio
anything
apache
apollo
apollo13
apple
apple1
apple2
applepie
apples
april
aptiva
aqua
aquarius
aragorn
archie
are
ariana
ariane
ariel
arizona
arlene
armando
arnold
arrow
arsenal
artemis
arthur
artist
arturo
asdf
asdf1234
asdfasdf
asdfg
asdfgh
asdfghjk
asdfghjkl
asdfjkl
ashlee
ashley
ashley1
ashraf
ashton
aspen
ass
asshole
assmunch
assumed
asterix
athena
attila
august
austin
autumn
avalon
avatar
avenger
avenir
awesome
ayelet
aylmer
babes
baby
babyblue
babyboo
babyboy
babydoll
babyface
babygirl
babygirl1
babygurl
babyko
babylon5
babylove
bach
backup
badboy
badger
badgirl
bailey
baller
bambam
bambi
bamboo
banana
bananas
bandit
baraka
barbara
barbie
barcelona
barn
barney
barney1
barnyard
barrett
barry
bart
bartman
baseball
based
basf
basil
basket
basketball
bass
batista
batman
batman1
bball
be
beaches
beagle
beaner
beanie
beans
bear
bears
beast
beasty
beatles
beatrice
beatriz
beautiful
beauty
beaver
beavis
beavis1
bebe
bebita
becca
beckham
been
beer
belgium
belize
bella
belle
belmont
ben
benfica
benjamin
benji
benny
benoit
benson
beowulf
bernard
bernardo
bernie
berry
bertha
beryl
best
bestfriend
bestfriends
beta
betacam
betsy
betty
bettyboop
beyonce
bharat
bhebhe
bianca
bichon
bigal
bigben
bigbird
bigboss
bigdog
biggles
bigmac
bigman
bigred
biker
bilbo
bill
billabong
bills
billy
billy1
bimmer
bingo
binky
biochem
biology
bird
bird33
birdie
birdy
birthday
biscuit
bishop
bitch
bitch1
biteme
bitter
biz
blabla
black
blackjack
blah
blahblah
blanche
blazer
blessed
blessing
blinds
blink182
bliss
blitz
blizzard
blonde
blondie
blood
blowfish
blowjob
blowme
blue
bluebird
blueeyes
bluefish
bluejean
blues
bluesky
bmw
boat
bob
bobby
bobcat
bogart
bogey
bogus
bombay
bond007
bone
bonita
bonjour
bonnie
boobie
booboo
booger
boogie
boomer
booster
boots
bootsie
boris
bosco
boss
boston
boulder
bourbon
bowwow
boxer
boxers
bozo
bradley
brain
branch
brandi
brandon
brandon1
brandy
braves
brazil
brenda
brent
brewster
brian
brianna
bridge
bridges
bright
britain
britney
brittany
broken
broker
bronco
bronte
brooke
brooklyn
brother
bruce
bruno
brutus
bryan
bubba
bubba1
bubble
bubblegum
bubbles
bubbles1
buck
bucks
buddha
buddy
buddy1
budgie
buffalo
buffett
buffy
bugs
bugsy
bull
bulldog
bullet
bulls
bullshit
bunny
burns
burton
business
buster
butch
butler
butter
buttercup
butterfly
butterfly1
butthead
button
buttons
buzz
by
byron
byteme
c00per
cactus
caesar
caitlin
calendar
calgary
california
calvin
calvin1
camaro
camay
camel
camera
cameron
camila
camille
campbell
camping
canada
cancer
candy
canela
cannon
cannondale
canon
cantik
capricorn
captain
car
carbon
cardinal
carebear
carl
carlitos
carlos
carmen
carnage
carol
carol1
carole
carolina
caroline
carolyn
carrie
carrot
carter
cascade
casey
casper
cassandra
cassie
castle
cat
catalina
catalog
catch22
catdog
catfish
catherine
cathy
catnip
cats
catwoman
cccccc
cecile
cecilia
celeste
celica
celine
celtic
cement
center
cesar
cessna
chacha
chad
chainsaw
challenge
chameleon
champion
chance
chandler
chanel
chang
change
changeit
changeme
chantal
chaos
chapman
charger
charity
charles
charlie
charlie1
charlotte
charmed
chat
cheche
cheerleader
cheese
chelsea
chelsea1
cherry
cheryl
chess
chester
chester1
chevy
cheyenne
chiara
chicago
chichi
chicken
chico
chiefs
china
chinacat
chinook
chip
chiquita
chivas
chloe
chocolat
chocolate
chouette
chris
chris1
chris123
chrisbrown
christ
christ1
christia
christian
christin
christina
christine
christmas
christoph
christopher
christy
chronos
chubby
chuck
church
cicero
cinder
cinderella
cindy
cindy1
cinema
circuit
cirque
cirrus
civic
civil
claire
clancy
clapton
clark
clarkson
class
classroom
claude
claudel
claudia
cleo
cliff
clipper
clock
cloclo
clueless
cobain
cobra
cocacola
coco
cody
coffee
coke
colette
colleen
college
colombia
color
colorado
colors
colt45
coltrane
columbia
com
comet
commander
comment
common
commonly
community
compaq
compiled
compromises
compton
computer
concept
concorde
confused
connect
connie
connor
conrad
content
control
cook
cookie
cookie1
cookies
cooking
cool
coolbean
coolness
cooper
cooter
copper
cora
corazon
cordelia
corky
cornflake
corona
corrado
corvette
corwin
cosmo
cosmos
cougar
cougars
country
courier
courtney
cowboy
cowboys
cows
coyote
crack1
cracker
craig
crawford
crazy
creative
crescent
cricket
cristian
cristina
cross
crow
crowley
cruise
crusader
crystal
cthulhu
cuda
cuddles
cuervo
cunningham
cunt
cupcake
current
curtis
cuteako
cuteme
cutie
cutiepie
cutlass
cyber
cyclone
cynthia
cyrano
daddy
daddy1
daddysgirl
daedalus
dagger
dagger1
daily
daisie
daisy
dakota
dale
dallas
damian
dammit
dan
dana
dance
dancer
dancing
daniel
daniel1
daniela
danielle
danny
daphne
dark1
darkangel
darkness
darkstar
darling
darren
darryl
darwin
dasha
database
dave
david
david1
davids
dawn
daytek
dead
deadhead
dean
death
debbie
deborah
december
decker
decreasing
deedee
deeznuts
delano
delete
delfin
deliver
delta
demo
demon
denali
denis
denise
dennis
denny
depeche
derek
desert
design
desiree
deskjet
destiny
detroit
deutsch
devil
devine
devon
dexter
dharma
diablo
diamond
diamonds
diana
diane
dianne
dickens
dickhead
diego
diesel
digger
digital
dilbert
dillweed
dinamo
dipper
director
dirk
disco
disney
dixie
dixon
doc
doctor
dodger
dodgers
dog
dogbert
doggy
doitnow
dollar
dollars
dolly
dolphin
dolphins
domain
dominic
dominique
domino
don
donald
donkey
donna
dontknow
doogie
dookie
doom
doom2
doors
dork
dorothy
doudou
doug
dougie
douglas
downtown
draft
dragon
dragon1
dragonfly
dreamer
dreams
driver
drowssap
duck
duckie
dude
dudley
duke
dumbass
dundee
dustin
dusty
dutch
dutchess
dwight
dylan
e
eagle
eagle1
eagles
easter
eastern
eclipse
eddie
edith
edmund
eduardo
edward
eeyore
effie
eieio
eight
einstein
elaine
electric
element
elephant
elijah
elina1
elissa
elizabeth
ella
ellen
elliot
elsie
elvis
emerald
emily
eminem
emmanuel
emmitt
empire
energy
engage
england
enigma
enrique
enter
enterprise
entries
entropy
eric
eric1
erika
erin
ernie1
escort
escort1
estelle
estrella
estrellita
etoile
eugene
europe
evelyn
excalibur
excel
explore
explorer
export
express
faculty
fairview
faith
falcon
familia
family
family1
farmer
farout
farside
fashion
fatboy
fatima
faust
fearless
february
feedback
felipe
felix
fender
fenris
ferguson
fernanda
fernando
ferrari
ferret
ferris
fiction
fidel
files
finance
fiona
fire
fireball
firebird
fireman
firenze
first
fish
fish1
fisher
fishes
fishhead
fishie
fishing
flamingo
flanders
flash
fletch
fletcher
fleurs
flight
flip
flipper
flores
florida
florida1
flower
flowerpot
flowers
floyd
fluffy
flute
fly
flyboy
flyer
foobar
fool
football
football1
for
ford
forest
forever
forum
forward
foster
fountain
fox
foxtrot
fozzie
france
francesco
francine
francis
francisco
francois
frank
franka
frankie
franklin
freak1
fred
freddie
freddy
frederic
free
freebird
freedom
freeman
french
french1
friday
friend
friends
friendship
friendster
frisco
fritz
frodo
frog
froggie
froggies
froggy
frogs
from
front242
frontier
fubar
fucker
fuckface
fuckme
fuckoff
fucku
fuckyou
fuckyou1
fuckyou2
fugazi
fun
funguy
funtime
future
fuzz
gabby
gabriel
gabriela
gabriell
gaby
gaelic
galaxy
galileo
gambit
gambler
games
gammaphi
ganda
gandako
gandalf
gangsta
gangster
garcia
garden
garfield
garfunkel
gargoyle
garlic
garnet
garth
gary
gasman
gaston
gateway
gateway2
gatita
gatito
gator
gator1
gemini
general
genesis
genius
george
george1
georgia
gerald
gerard
german
germany
germany1
getout
ggeorge
ghost
giants
gibbons
gibson
gigi
gilbert
gilgamesh
gilles
ginger
giselle
gizmo
glenn
glider1
glitter
global
gloria
gmoney
go
goat
goaway
goblin
goblue
gocougs
god
godiva
godzilla
goethe
gofish
goforit
gold
golden
goldfish
golf
golfer
gollum
gone
goober
good
goodluck
goofy
google
goose
gopher
gordon
gorgeous
grace
gracie
graham
gramps
grandma
grant
graphic
grateful
gravis
gray
greed
green
greenday
greg
greg1
gregory
gremlin
greta
gretchen
gretzky
grizzly
groovy
grover
grumpy
guess
guest
guido
guinness
guitar
guitar1
gumby
gundam
gunner
gustavo
h2opolo
hacker
haggis
haha
hahaha
hailey
hal
hal9000
hallo
halloween
hallowell
hamid
hamilton
hamlet
hammer
hank
hanna
hannah
hannah1
hansolo
hanson
happy
happy1
happy123
happyday
hardcore
harley
harley1
haro
harold
harriet
harris
harrison
harry
harrypotter
harvard
harvey
has
hawaii
hawk
hawkeye
hawkeye1
hayden
hazel
health
health1
heart
hearts
heather
heather1
heather2
heaven
hector
hedgehog
heidi
heikki
helen
helena
helene
hell
hello
hello1
hello123
hello8
hellohello
hellokitty
help
help123
helper
helpme
hendrix
henry
herbert
herman
hermes
hermosa
hernandez
herzog
heythere
highland
hilbert
hilda
hillary
hiphop
histoire
history
hithere
hitler
hobbes
hobbit
hockey
hola
holiday
holly
hollywood
home
homebrew
homer
homerj
honda
honda1
honey
honeyko
hongkong
hoops
hoosier
hootie
hope
horizon
hornet
horse
horses
hosehead
hotdog
hotmail
hotrod
hotstuff
hottie
hottie1
house
houston
howard
http
huang
hudson
huey
hugh
hugo
hummer
hunter
huskies
hydrogen
i
ib6ub9
ibanez
icecream
iceman
idiot
idontknow
if6was9
iforget
iguana
ihateyou
ilmari
ilovegod
ilovehim
ilovejesus
iloveme
iloveu
iloveu2
iloveyou
iloveyou1
iloveyou2
image
imagine
imissyou
impact
impala
in
include
indian
indiana
indigo
indonesia
info
informix
ingvar
inlove
insane
inside
insight
instructor
integra
integral
intern
internet
intrepid
inuyasha
iomega
ireland
irene
irina
iris
irish
irmeli
ironman
is
isaac
isabel
isabella
isabelle
isaiah
island
israel
italia
italy
iubire
iverson
izzy
j1l2t3
jack
jackass
jackie
jackie1
jackson
jacob
jaguar
jake
jakey
jamaica
james
james1
jamesbond
jamie
jamjam
jan
jane
janice
janine
january
japan
jared
jasmin
jasmine
jasmine1
jason
jason1
jasper
javier
jayden
jayjay
jayson
jazmin
jazz
jean
jeanette
jeanne
jedi
jeepster
jeff
jeffrey
jeffrey1
jenifer
jenni
jennie
jennifer
jenny
jenny1
jensen
jer
jeremiah
jeremy
jerome
jerry
jesse
jesse1
jessica
jessica1
jessie
jester
jesucristo
jesus
jesus1
jesuschrist
jethro
jethrotull
jetta1
jewels
jim
jimbo
jimbob
jimi
jimmy
jkl123
joanie
joanna
joanne
joe
joel
joelle
joey
johan
johanna1
john
john316
johncena
johnny
johnson
jojo
joker
joker1
jonathan
jordan
jordan1
jordan23
jordie
jorge
josee
joseph
josh
joshua
joshua1
josie
journey
joy
joyce
jubilee
judith
judy
juhani
jules
julia
julia2
julian
juliana
julie
julie1
julien
juliet
julius
jumanji
jumbo
jump
junebug
junior
juniper
jupiter
jussi
justdoit
justice
justice4
justin
justin1
justine
justme
kalamazoo
kali
kangaroo
karen
karen1
karin
karina
karine
karla
karma
kat
kate
katerina
katherine
kathleen
kathy
katie
katie1
katrina
kayla
kcin
keeper
keepout
keith
keith1
keller
kelly
kelly1
kelsey
kendall
kennedy
kenneth
kenny
kerala
kermit
kerrya
ketchup
kevin
kevin1
khan
kidder
kids
killer
kim
kimberly
king
kingdom
kingfish
kings
kirk
kissa2
kisses
kissme
kitkat
kitten
kitty
kittycat
kiwi
kkkkkk
kleenex
knicks
knight
koala
koko
kombat
kramer
kris
kristen
kristi
kristin
kristina
kristine
labtec
lacrosse
laddie
lady
ladybug
lakers
lalala
lambda
lamer
lance
larry
larry1
laser
laserjet
lassie1
laura
laurel
lauren
laurie
law
lawrence
lawson
lawyer
leader
leaf
leanne
leblanc
ledzep
lee
legal
legend
legolas
leland
lemon
leo
leon
leonard
leonardo
leslie
lestat
lester
letmein
letter
letters
lexus1
liberty
libra
library
life
light
lights
liliana
lilmama
lima
lincoln
linda
lindsay
lindsey
linkinpark
lionel
lionking
lions
lipgloss
lisa
lissabon
list
listed
lists
little
liverpool
liz
lizard
lizzie
lizzy
lkj
lloyd
logan
logger
logical
logos
loislane
loki
lokita
lola
lolipop
lolita
lollipop
lollypop
london
lonely
lonestar
longer
longhorn
looking
looney
loren
lorena
lori
lorna
lorraine
lorrie
loser
lost
lotus
lou
louis
louise
love
love12
love123
lovebug
lovelove
lovely
lovely1
loveme
loveme1
lover
lover1
loverboy
lovers
loves
loveu
loveya
loveyou
loving
lucas
lucia
lucifer
luck
lucky
lucky1
lucky14
lucky7
lucy
lulu
lupita
lynn
m
m1911a1
mac
macha
macintosh
macross
madalina
maddie
maddog
madison
madmax
madoka
madonna
maganda
maggie
magic
magic1
magnum
mahal
mahalkita
mahalko
maiden
mail
mailer
mailman
maine
major
majordomo
makeitso
malcolm
maldita
malibu
mallard
mamita
management
manchester
manson
mantra
manuel
manutd
marathon
marc
marcel
marcos
marcus
margaret
margarita
maria
maria1
mariah
mariah1
marian
mariana
marie
marie1
marielle
marilyn
marina
marine
mariner
marino
mario
mariposa
marisol
marissa
mark
mark1
market
marlboro
marley
marlon
mars
marshall
mart
martha
martin
martin1
martinez
marty
marvin
mary
maryjane
master
master1
math
matrix
matt
matthew
matthew1
matti1
mattingly
maurice
mauricio
maverick
max
maxime
maxine
maxmax
maxwell
mayday
mazda1
me
meatloaf
mech
mechanic
media
medical
megan
meggie
meister
melanie
melina
melissa
melody
melvin
mememe
memory
memphis
men
mensuck
meow
mercedes
mercer
mercury
merde
merlin
merlot
mermaid
merrill
metal
metallic
metallica
mexico
mhine
miami
miamor
michael
michael1
michal
micheal
michel
michele
michelle
michelle1
michigan
michou
mickel
mickey
mickey1
micro
microsoft
mid
midnight
midori
midvale
midway
mierda
miguel
mikael
mike
mike1
mikey
miki
milagros
milano
miles
millenium
miller
millie
million
mimi
mindy
mine
minnie
minou
miracle
mirage
miranda
miriam
mirror
misha
mishka
mission
missy
misty
mitch
mitchell
mmm
mmmmmm
mmouse
mobile
mobydick
modem
mojo
molly
molly1
molson
mom
mommy
mommy1
monday
monet
money
money1
monica
monique
monkey
monkey1
monkey12
monkeys
monopoly
monroe
monster
montana
montana3
montreal
montrose
monty
moocow
mookie
moomoo
moon
moonbeam
moore
moose
mopar
more
morecats
morgan
moroni
morpheus
morris
mortimer
most
mother
motor
motorola
mountain
mouse
mouse1
movies
mowgli
mozart
muffin
mulder
mulder1
munchkin
murphy
murray
muscle
music
musica
mustang
mustang1
mybaby
mylife
mylove
myself
myspace
myspace1
nadia
nadine
nancy
naomi
napoleon
naruto
nascar
nat
natalia
natalie
natasha
nathan
nation
national
nautica
ncc1701
ncc1701d
ncc1701e
ne1410s
ne1469
ne14a69
nebraska
neil
neko
nellie
nelson
nemesis
nenita
nermal
nesbit
nesbitt
nestle
netware
network
neutrino
new
newaccount
newcourt
newlife
newpass
news
newton
newuser
newyork
newyork1
nexus6
nguyen
nicarao
nicholas
nichole
nick
nicklaus
nicolas
nicole
nicole1
nigel
nightshade
nightwing
nike
niki
nikita
nikki
nimrod
nina
niners
nintendo
nirvana
nirvana1
nissan
nisse
nite
nokia
nomore
none
none1
nopass
normal
norman
norton
notebook
nothing
notta1
notused
nouveau
novell
november
noway
nugget
number
number1
number9
numbers
nurse
nursing
nutmeg
oatmeal
oaxaca
obiwan
obsession
occurred
occurrences
ocean
october
of
ohshit
oicu812
olive
oliver
olivia
olivier
ollie
olsen
omarion
omega
on
one
onelove
online
open
openup
openwall
opera
opus
orange
oranges
orchid
oregon
oreo
orion
orlando
orville
oscar
otter
ou812
overkill
oxford
ozzy
paagal
pacers
pacific
packard
packer
packers
packrat
paint
painter
paloma
pam
pamela
pancake
panda
pandora
panget
pangit
panic
pantera
panther
panthers
paola
papa
paradigm
paris
park
parker
parola
parrot
partner
pasaway
pascal
pass
passion
passw0rd
passwd
password
password1
password2
passwords
pat
patches
patricia
patrick
patriots
patton
paul
paula
pauline
pavel
payton
peace
peach
peaches
peanut
peanuts
pearl
pearljam
pebbles
pedro
pedro1
peewee
peggy
pencil
penelope
penguin
penny
pentium
people
pepper
pepsi
percy
perfect
performa
perry
person
pete
peter
peter1
peterk
peterpan
petey
petunia
phantom
phialpha
phil
philip
philips
phillips
phish
phishy
phoenix
phoenix1
phone
photo
piano
piano1
pianoman
pianos
picard
picasso
pickle
picture
pictures
pierce
pierre
pigeon
piglet
pimpin
pineapple
pink
pinkfloyd
pinky
pioneer
pipeline
piper1
pirate
pisces
pizza
planet
plato
play
playboy
player
players
playgirl
please
plus
pluto
poetic
poetry
pogiako
poiuyt
pokemon
polar
polaris
pole
police
politics
pollito
polo
pomme
pontiac
poohbear
pookey
pookie
pookie1
poop
poopoo
popcorn
pope
popeye
poppy
porsche
porsche911
porter
portland
portugal
potter
power
ppp
praise
prayer
preciosa
precious
predator
prelude
premier
preston
pretty
primus
prince
princesa
princesita
princess
princess1
print
printing
prof
prometheus
property
provider
psalms
psycho
public
puddin
pulsar
pumpkin
punkin
puppies
puppy
purple
purple1
pussy
pussy1
pussycat
pyramid
pyro
python
q1w2e3
q1w2e3r4
qazwsx
qqq111
quality
quebec
queen
queenie
quentin
quest
qwaszx
qwer
qwert
qwerty
qwerty1
qwerty12
qwertyui
qwertyuiop
rabbit
rabbit1
racer
racerx
rachel
rachelle
racoon
radar
radio
rafael
rafiki
raiders
rain
rainbow
raleigh
ralph
ram
rambo
rambo1
rancid
random
randy
randy1
ranger
rangers
raptor
raquel
rascal
rasta1
rastafarian
ratio
raven
ravens
raymond
reality
rebecca
rebelde
red
red123
redcloud
reddog
redfish
redman
redrum
redskins
redsox
redwing
redwood
reed
reggae
reggie
regina
reliant
remember
remote
rene
renee
renegade
reptile
republic
rescue
research
revised
revolution
rex
reynolds
reznor
rhino
rhonda
ricardo
ricardo1
richard
richard1
richards
richmond
ricky
riley
ripper
ripple
rita
river
roadrunner
rob
robbie
robby
robert
robert1
roberto
roberts
robin
robinhood
robocop
robotech
robotics
roche
rock
rocket
rocket1
rockie
rocknroll
rockon
rocky
rocky1
rodeo
rodrigo
roger
roger1
rogers
roland
rolex
roman
rommel
ronald
ronaldo
roni
ronnie
rookie
rootbeer
rose
rosebud
roses
rosie
rosita
rossignol
rotimi
rouge
route66
roxana
roxy
roy
royal
ruby
rufus
rugby
rugger
runner
running
rush
russell
rusty
ruth
ruthie
ruthless
ryan
s
sabbath
sabina
sabrina
sadie
safety
safety1
saigon
sailing
sailor
saint
sakura
salasana
sales
sally
salmon
salut
sam
samantha
samiam
sammie
sammy
sample123
sampson
samsam
samson
samsung
samuel
sandi
sandra
sandy
sanjose
santa
santiago
santos
saphire
sapphire
sarah
sarah1
sasha
saskia
sassy
sasuke
satori
saturday
saturn
saturn5
savage
savannah
saved
sayang
scarecrow
scarface
scarlet
scarlett
schnapps
school
science
scooby
scoobydoo
scooter
scooter1
scorpio
scorpion
scotch
scotland
scott
scott1
scottie
scotty
scout
scouts
scrooge
scruffy
scuba
scuba1
sean
search
seattle
sebastian
secret
secret3
security
see
seeker
seen
seoul
september
serena
sergei
sergey
sergio
server
service
services
set
seven
seven7
sex
sexy
sexybitch
sexygirl
sexymama
sexyme
shadow
shadow1
shaggy
shakira
shalom
shanghai
shannon
shanny
shanti
shaolin
shark
sharon
shasta
shawn
shayne
shazam
sheba
sheena
sheila
shelby
shelley
shelly
shelter
sherry
ship
shirley
shit
shithead
shoes
shogun
shopping
shorty
shotgun
sidney
sierra
sigmachi
signal
signature
silver
silvia
simba
simba1
simon
simone
simple
simpsons
simsim
sinatra
singer
single
sirius
sister
skate
skater
skeeter
skibum
skidoo
skiing
skip
skipper
skipper1
skippy
skittles
skull
skunk
skydive
skyler
skyline
skywalker
slacker
slayer
sleepy
slick
slider
slideshow
slip
slipknot
smashing
smegma
smile
smile1
smiles
smiley
smiths
smitty
smoke
smokey
smurfy
snake
snakes
snapper
snapple
snickers
sniper
snoop
snoopdog
snoopy
snow
snowball
snowflake
snowman
snowski
snuffy
sober1
soccer
soccer1
softball
soleil
solomon
something
sonic
sonics
sonny
sony
sophia
sophie
sorted
sound
space
spain
spanky
sparkle
sparks
sparky
sparrow
spartan
spazz
special
speedo
speedy
spencer
sphynx
spider
spiderman
spike
spike1
spirit
spitfire
spock
sponge
spongebob
spooky
spoon
sporting
sports
spot
spring
sprite
sprocket
spunky
spurs
squash
sss
ssssss
stacey
stan
stanley
star
star69
starbuck
stargate
starlight
stars
start
starter
startrek
starwars
station
stealth
steaua
steel
steele
steelers
stella
steph
steph1
stephani
stephanie
stephen
stephi
steve
steve1
steven
steven1
stevens
stewart
stimpy
sting
sting1
stingray
stinky
stivers
stocks
stone
storage
storm
stormy
stranger
strat
strato
strawberry
stretch
strong
stuart
stud
student
student2
studio
stumpy
stupid
success
sucker
suckme
sue
sugar
sultan
summer
summit
sun
sunbird
sundance
sunday
sunfire
sunflower
sunny
sunny1
sunrise
sunset
sunshine
sunshine1
super
superfly
superman
superstar
support
supra
surf
surfer
surfing
susan
susan1
susana
susanna
sutton
suzanne
suzuki
suzy
swanson
sweden
sweet
sweet16
sweetheart
sweetie
sweetness
sweetpea
sweets
sweety
swim
swimmer
swimming
switzer
swordfish
sydney
sylvia
sylvie
symbol
system
system5
systems
t
tab
tabatha
tacobell
taffy
taiwan
talon
tamara
tammy
tamtam
tango
tanner
tanya
tapani
tara
targas
target
tarheel
tarzan
tasha
tata
tatiana
tattoo
taurus
taylor
tazdevil
tazmania
tbird
teacher
teamo
tech
techno
teddy
teddy1
teddybear
teflon
teiubesc
tekiero
telecom
temp
temporal
tennis
tequiero
tequila
teresa
terminal
terry
terry1
test
test1
test123
test2
test3
tester
testi
testing
testtest
texas
thankyou
that
the
theatre
thebest
theboss
theend
thejudge
theking
thelorax
theresa
thisisit
thomas
thompson
thorne
thrasher
through
thumper
thunder
thunderbird
thursday
thx1138
tiffany
tiger
tiger2
tigers
tigger
tigger1
tightend
tigre
tika
tim
timber
time
timothy
tina
tinker
tinkerbell
tintin
tnt
to
toby
today
tokiohotel
tokyo
tom
tomcat
tommy
tony
tool
tootsie
top
topcat
topgun
topher
tornado
toronto
torres
toshiba
total
toto1
tototo
toucan
toyota
tracy
training
transfer
transit
transport
trapper
trash
travel
travis
tre
treasure
trebor
tree
trees
trek
trevor
tricia
tricky
trident
trinity
trish
tristan
triton
trixie
trojan
trombone
trophy
trouble
trout
truck
trucker
truelove
truman
trumpet
trustno1
tucker
tucson
tuesday
tula
turbo
turbo2
turtle
tweety
twilight
twinkle
twins
tyler
tyler1
ultimate
undead
undertaker
unicorn
unique
united
unity
unix
update
upsilon
ursula
user1
utopia
vacation
vader
val
valentin
valentina
valentine
valeria
valerie
valhalla
valley
vampire
vanessa
vanilla
vedder
velvet
venice
venus
vermont
veronica
vette
vicki
vicky
victor
victor1
victoria
victory
video
viking
vikram
vincent
vincent1
violet
violin
viper
viper1
virago
virgil
virginia
visa
vision
visual
volcano
volley
volleyball
volvo
voodoo
vortex
voyager
waiting
walden
waldo
walker
walleye
wally
walter
wanker
warcraft
warlock
warner
warren
warrior
warriors
water
water1
watson
wayne
wayne1
weasel
webmaster
website
webster
wedge
weezer
welcome
wendy
wendy1
wesley
western
westlife
westside
whale1
whatever
wheels
whisky
whit
white
whitney
whocares
whoville
wibble
wilbur
wildcat
will
william
william1
williams
willie
willow
willy
wilma
wilson
wind
window
windsurf
winner
winnie
winniethepooh
winona
winston
winter
wisdom
wizard
wolf
wolf1
wolfgang
wolverine
wolves
wombat
wombat1
wonder
woody
woofwoof
word
wordlists
wordpass
world
wrangler
wright
www
x
xanadu
xanth
xavier
xbox360
xcountry
xfiles
xxx
xxx123
xxxx
xxxxxx
xxxxxxxx
xyz
xyz123
y
yamaha
yankee
yankees
yellow
yoda
yogibear
yolanda
yomama
young
yourmom
yukon
yvette
yvonne
zacefron
zachary
zack
zapata
zaphod
zebra
zebras
zenith
zephyr
zeppelin
zepplin
zeus
zhongguo
ziggy
zigzag
zoltan
zombie
zoomer
zorro
zxc
zxc123
zxcvb
zxcvbn
zxcvbnm
zzz
